optional
variant
variant2
any
core
container_hash
mp11
static_string
scope
type_traits
algorithm
iterator
range
io
rational
endian
tuple
system
filesystem
regex
thread
chrono
program_options
stacktrace
json
url
align
array
assert
assign
bimap
bloom
callable_traits
circular_buffer
compat
concept_check
config
convert
crc
decimal
dll
dynamic_bitset
flyweight
format
function
functional
hash2
heap
histogram
icl
integer
intrusive
leaf
lexical_cast
lockfree
logic
move
multi_array
multi_index
outcome
parser
pfr
poly_collection
pool
property_map
property_tree
ptr_container
ratio
safe_numerics
signals2
smart_ptr
sort
statechart
stl_interfaces
throw_exception
tokenizer
type_index
unordered
utility
uuid
winapi
yap
atomic
charconv
cobalt
container
contract
date_time
graph
iostreams
log
math
nowide
process
random
serialization
unit_test_framework
timer
type_erasure
wave
accumulators
asio
beast
geometry
gil
hana
interprocess
mqtt5
multiprecision
numeric
polygon
qvm
